/usr/local/lib/python3.12/site-packages/pytest_asyncio/plugin.py:208: PytestDeprecationWarning: The configuration option "asyncio_default_fixture_loop_scope" is unset.
The event loop scope for asynchronous fixtures will default to the fixture caching scope. Future versions of pytest-asyncio will default the loop scope for asynchronous fixtures to function scope. Set the default fixture loop scope explicitly in order to avoid unexpected behavior in the future. Valid fixture loop scopes are: "function", "class", "module", "package", "session"

  warnings.warn(PytestDeprecationWarning(_DEFAULT_FIXTURE_LOOP_SCOPE_UNSET))
F.                                                                       [100%]
=================================== FAILURES ===================================
__________ test_route_permission_matrix_covers_each_openapi_operation __________

    def test_route_permission_matrix_covers_each_openapi_operation() -> None:
        # Given
        openapi_operations = _openapi_operation_keys()
    
        # When
        matrix_operations = frozenset(ROUTE_PERMISSION_MATRIX)
    
        # Then
        assert matrix_operations == openapi_operations
        assert PUBLIC_OPERATIONS == frozenset(
            operation
            for operation, access in ROUTE_PERMISSION_MATRIX.items()
            if access is RouteAccess.PUBLIC
        )
>       assert PUBLIC_OPERATIONS == _public_route_operation_keys()
E       AssertionError: assert frozenset({'G.../login', ...}) == frozenset({'G...uth/refresh'})
E         
E         Extra items in the left set:
E         'GET /api/agents'
E         Use -v to get more diff

../tests/server-api/test_route_permission_matrix.py:81: AssertionError
=============================== warnings summary ===============================
../../usr/local/lib/python3.12/site-packages/passlib/utils/__init__.py:854
  /usr/local/lib/python3.12/site-packages/passlib/utils/__init__.py:854: DeprecationWarning: 'crypt' is deprecated and slated for removal in Python 3.13
    from crypt import crypt as _crypt

../../usr/local/lib/python3.12/site-packages/starlette/routing.py:616
  /usr/local/lib/python3.12/site-packages/starlette/routing.py:616: DeprecationWarning: async generator function lifespans are deprecated, use an @contextlib.asynccontextmanager function instead
    warnings.warn(

-- Docs: https://docs.pytest.org/en/stable/how-to/capture-warnings.html
=========================== short test summary info ============================
FAILED ../tests/server-api/test_route_permission_matrix.py::test_route_permission_matrix_covers_each_openapi_operation
1 failed, 1 passed, 2 warnings in 2.05s

